C51 COMPILER V9.51   SAMPLE_HANDLER                                                        05/08/2014 00:59:13 PAGE 1   


C51 COMPILER V9.51, COMPILATION OF MODULE SAMPLE_HANDLER
OBJECT MODULE PLACED IN .\DP8051\DP8051_Keil_951\Debug\Sample_Handler.obj
COMPILER INVOKED BY: C:\Program Files (x86)\Cypress\PSoC Creator\3.0\PSoC Creator\import\keil\pk51\9.51\C51\BIN\c51.exe 
                    -.\Sample_Handler.c NOIV LARGE MODDP2 OMF2 VB(1) PR(.\DP8051\DP8051_Keil_951\Debug\Sample_Handler.lst) CD DB NOIP OT(0,SI
                    -ZE) DF(DEBUG) INCDIR(.,.\Generated_Source\PSoC3) OJ(.\DP8051\DP8051_Keil_951\Debug\Sample_Handler.obj)

line level    source

   1          /* ========================================
   2           *
   3           * Copyright YOUR COMPANY, THE YEAR
   4           * All Rights Reserved
   5           * UNPUBLISHED, LICENSED SOFTWARE.
   6           *
   7           * CONFIDENTIAL AND PROPRIETARY INFORMATION
   8           * WHICH IS THE PROPERTY OF your company.
   9           *
  10           * ========================================
  11          */
  12          #include "Sample_Handler.h"
  13          
  14          
  15          void take_sample()
  16          {
  17   1          uint16 SampledData = 0;
  18   1          ADC_Wakeup();
  19   1          
  20   1          /* ADC */
  21   1          SampledData = ADC_Read16(); /* Function Starts, Converts, Stops, and Returns from ADC */
  22   1          
  23   1          /* EEP */
  24   1          Em_EEPROM_Write((uint8*) (&SampledData),TailPtr,2u);
  25   1          
  26   1          TailPtr = TailPtr + 2;
  27   1          ADC_Sleep();
  28   1          return;    
  29   1      }
  30              
  31          /* [] END OF FILE */
C51 COMPILER V9.51   SAMPLE_HANDLER                                                        05/08/2014 00:59:13 PAGE 2   

ASSEMBLY LISTING OF GENERATED OBJECT CODE


             ; FUNCTION take_sample (BEGIN)
                                           ; SOURCE LINE # 15
                                           ; SOURCE LINE # 16
                                           ; SOURCE LINE # 17
0000 900000      R     MOV     DPTR,#SampledData
0003 E4                CLR     A
0004 F0                MOVX    @DPTR,A
0005 A3                INC     DPTR
0006 E4                CLR     A
0007 F0                MOVX    @DPTR,A
                                           ; SOURCE LINE # 18
0008 120000      E     LCALL   ADC_Wakeup
                                           ; SOURCE LINE # 21
000B 120000      E     LCALL   ADC_Read16
000E 900000      R     MOV     DPTR,#SampledData
0011 EE                MOV     A,R6
0012 F0                MOVX    @DPTR,A
0013 A3                INC     DPTR
0014 EF                MOV     A,R7
0015 F0                MOVX    @DPTR,A
                                           ; SOURCE LINE # 24
0016 7B01              MOV     R3,#01H
0018 7A00        R     MOV     R2,#HIGH SampledData
001A 7900        R     MOV     R1,#LOW SampledData
001C C003              PUSH    AR3
001E C002              PUSH    AR2
0020 C001              PUSH    AR1
0022 900000      E     MOV     DPTR,#TailPtr
0025 120000      E     LCALL   ?C?PLDXDATA
0028 900000      E     MOV     DPTR,#?_Em_EEPROM_Write?BYTE+03H
002B 120000      E     LCALL   ?C?PSTXDATA
002E 900000      E     MOV     DPTR,#?_Em_EEPROM_Write?BYTE+06H
0031 E4                CLR     A
0032 F0                MOVX    @DPTR,A
0033 A3                INC     DPTR
0034 7402              MOV     A,#02H
0036 F0                MOVX    @DPTR,A
0037 D001              POP     AR1
0039 D002              POP     AR2
003B D003              POP     AR3
003D 120000      E     LCALL   _Em_EEPROM_Write
                                           ; SOURCE LINE # 26
0040 900000      E     MOV     DPTR,#TailPtr+01H
0043 E4                CLR     A
0044 75F002            MOV     B,#02H
0047 120000      E     LCALL   ?C?IILDX
                                           ; SOURCE LINE # 27
004A 120000      E     LCALL   ADC_Sleep
                                           ; SOURCE LINE # 29
004D         ?C0001:
004D 22                RET     
             ; FUNCTION take_sample (END)



MODULE INFORMATION:   STATIC OVERLAYABLE
   CODE SIZE        =     78    ----
   CONSTANT SIZE    =   ----    ----
   XDATA SIZE       =      2    ----
C51 COMPILER V9.51   SAMPLE_HANDLER                                                        05/08/2014 00:59:13 PAGE 3   

   PDATA SIZE       =   ----    ----
   DATA SIZE        =   ----    ----
   IDATA SIZE       =   ----    ----
   BIT SIZE         =   ----    ----
   EDATA SIZE       =   ----    ----
   HDATA SIZE       =   ----    ----
   XDATA CONST SIZE =   ----    ----
   FAR CONST SIZE   =   ----    ----
END OF MODULE INFORMATION.


C51 COMPILATION COMPLETE.  0 WARNING(S),  0 ERROR(S)
