C51 COMPILER V9.51   INTERFACE                                                             05/19/2014 13:08:14 PAGE 1   


C51 COMPILER V9.51, COMPILATION OF MODULE INTERFACE
OBJECT MODULE PLACED IN .\DP8051\DP8051_Keil_951\Debug\interface.obj
COMPILER INVOKED BY: C:\Program Files (x86)\Cypress\PSoC Creator\3.0\PSoC Creator\import\keil\pk51\9.51\C51\BIN\c51.exe 
                    -.\interface.c NOIV LARGE MODDP2 OMF2 VB(1) PR(.\DP8051\DP8051_Keil_951\Debug\interface.lst) CD DB NOIP OT(0,SIZE) DF(DEB
                    -UG) INCDIR(.,.\Generated_Source\PSoC3) OJ(.\DP8051\DP8051_Keil_951\Debug\interface.obj)

line level    source

   1          /* ========================================
   2           *
   3           * Copyright YOUR COMPANY, THE YEAR
   4           * All Rights Reserved
   5           * UNPUBLISHED, LICENSED SOFTWARE.
   6           *
   7           * CONFIDENTIAL AND PROPRIETARY INFORMATION
   8           * WHICH IS THE PROPERTY OF your company.
   9           *
  10           * ========================================
  11          */
  12          
  13          #include "interface.h"
  14          
  15          void clear_button_interrupts(){
  16   1                      
  17   1          // Clear any pending stop or start interrupts
  18   1          StopCollection_B_ClearInterrupt();
  19   1          StopCollection_IRQ_ClearPending();
  20   1          DataStop_waiting = 0;
  21   1          StartCollection_B_ClearInterrupt();
  22   1          StartCollection_IRQ_ClearPending();  
  23   1          DataStart_waiting = 0;  
  24   1          
  25   1          return;
  26   1      }
  27          
  28          void LED_on(uint8 color){
  29   1          
  30   1          switch (color){   
  31   2          
  32   2              case RED:
  33   2              case GREEN:
  34   2              case BLUE:
  35   2                  SOLID_LED_CTRL_Write(color);
  36   2                  break;
  37   2                  
  38   2              case MAGENTA:
  39   2                  PWM0_CTRL_Write(PWM_BLUE);
  40   2                  PWM1_CTRL_Write(PWM_RED);
  41   2                  break;
  42   2                      
  43   2              case YELLOW:
  44   2                  PWM0_CTRL_Write(PWM_GREEN);
  45   2                  PWM1_CTRL_Write(PWM_RED);
  46   2                  break;
  47   2              
  48   2              case CYAN:
  49   2                  PWM0_CTRL_Write(PWM_GREEN);
  50   2                  PWM1_CTRL_Write(PWM_BLUE);
  51   2                  break;          
  52   2                  
  53   2          }
C51 COMPILER V9.51   INTERFACE                                                             05/19/2014 13:08:14 PAGE 2   

  54   1          return;
  55   1      }
  56          
  57          void LED_off(){
  58   1          
  59   1          SOLID_LED_CTRL_Write(OFF);
  60   1          PWM0_CTRL_Write(OFF);
  61   1          PWM1_CTRL_Write(OFF);   
  62   1          
  63   1          return;
  64   1      }
  65          
  66          /* [] END OF FILE */
C51 COMPILER V9.51   INTERFACE                                                             05/19/2014 13:08:14 PAGE 3   

ASSEMBLY LISTING OF GENERATED OBJECT CODE


             ; FUNCTION clear_button_interrupts (BEGIN)
                                           ; SOURCE LINE # 15
                                           ; SOURCE LINE # 18
0000 120000      E     LCALL   StopCollection_B_ClearInterrupt
                                           ; SOURCE LINE # 19
0003 120000      E     LCALL   StopCollection_IRQ_ClearPending
                                           ; SOURCE LINE # 20
0006 900000      E     MOV     DPTR,#DataStop_waiting
0009 E4                CLR     A
000A F0                MOVX    @DPTR,A
                                           ; SOURCE LINE # 21
000B 120000      E     LCALL   StartCollection_B_ClearInterrupt
                                           ; SOURCE LINE # 22
000E 120000      E     LCALL   StartCollection_IRQ_ClearPending
                                           ; SOURCE LINE # 23
0011 900000      E     MOV     DPTR,#DataStart_waiting
0014 E4                CLR     A
0015 F0                MOVX    @DPTR,A
                                           ; SOURCE LINE # 26
0016         ?C0001:
0016 22                RET     
             ; FUNCTION clear_button_interrupts (END)

             ; FUNCTION _LED_on (BEGIN)
                                           ; SOURCE LINE # 28
0000 900000      R     MOV     DPTR,#color
0003 EF                MOV     A,R7
0004 F0                MOVX    @DPTR,A
                                           ; SOURCE LINE # 30
0005 900000      R     MOV     DPTR,#color
0008 E0                MOVX    A,@DPTR
0009 FF                MOV     R7,A
000A EF                MOV     A,R7
000B 120000      E     LCALL   ?C?CCASE
000E 0000        R     DW      ?C0005
0010 01                DB      01H
0011 0000        R     DW      ?C0005
0013 02                DB      02H
0014 0000        R     DW      ?C0006
0016 03                DB      03H
0017 0000        R     DW      ?C0005
0019 04                DB      04H
001A 0000        R     DW      ?C0007
001C 05                DB      05H
001D 0000        R     DW      ?C0008
001F 06                DB      06H
0020 0000              DW      00H
0022 0000        R     DW      ?C0009
                                           ; SOURCE LINE # 32
0024         ?C0003:
                                           ; SOURCE LINE # 33
0024         ?C0004:
                                           ; SOURCE LINE # 34
0024         ?C0005:
                                           ; SOURCE LINE # 35
0024 900000      R     MOV     DPTR,#color
0027 E0                MOVX    A,@DPTR
0028 FF                MOV     R7,A
0029 120000      E     LCALL   _SOLID_LED_CTRL_Write
C51 COMPILER V9.51   INTERFACE                                                             05/19/2014 13:08:14 PAGE 4   

                                           ; SOURCE LINE # 36
002C 22                RET     
                                           ; SOURCE LINE # 38
002D         ?C0006:
                                           ; SOURCE LINE # 39
002D 7F02              MOV     R7,#02H
002F 120000      E     LCALL   _PWM0_CTRL_Write
                                           ; SOURCE LINE # 40
0032 7F01              MOV     R7,#01H
0034 120000      E     LCALL   _PWM1_CTRL_Write
                                           ; SOURCE LINE # 41
0037 22                RET     
                                           ; SOURCE LINE # 43
0038         ?C0007:
                                           ; SOURCE LINE # 44
0038 7F03              MOV     R7,#03H
003A 120000      E     LCALL   _PWM0_CTRL_Write
                                           ; SOURCE LINE # 45
003D 7F01              MOV     R7,#01H
003F 120000      E     LCALL   _PWM1_CTRL_Write
                                           ; SOURCE LINE # 46
0042 22                RET     
                                           ; SOURCE LINE # 48
0043         ?C0008:
                                           ; SOURCE LINE # 49
0043 7F03              MOV     R7,#03H
0045 120000      E     LCALL   _PWM0_CTRL_Write
                                           ; SOURCE LINE # 50
0048 7F02              MOV     R7,#02H
004A 120000      E     LCALL   _PWM1_CTRL_Write
                                           ; SOURCE LINE # 51
                                           ; SOURCE LINE # 53
004D         ?C0002:
                                           ; SOURCE LINE # 55
004D         ?C0009:
004D 22                RET     
             ; FUNCTION _LED_on (END)

             ; FUNCTION LED_off (BEGIN)
                                           ; SOURCE LINE # 57
                                           ; SOURCE LINE # 59
0000 7F00              MOV     R7,#00H
0002 120000      E     LCALL   _SOLID_LED_CTRL_Write
                                           ; SOURCE LINE # 60
0005 7F00              MOV     R7,#00H
0007 120000      E     LCALL   _PWM0_CTRL_Write
                                           ; SOURCE LINE # 61
000A 7F00              MOV     R7,#00H
000C 120000      E     LCALL   _PWM1_CTRL_Write
                                           ; SOURCE LINE # 64
000F         ?C0010:
000F 22                RET     
             ; FUNCTION LED_off (END)



MODULE INFORMATION:   STATIC OVERLAYABLE
   CODE SIZE        =    117    ----
   CONSTANT SIZE    =   ----    ----
   XDATA SIZE       =      1    ----
   PDATA SIZE       =   ----    ----
   DATA SIZE        =   ----    ----
C51 COMPILER V9.51   INTERFACE                                                             05/19/2014 13:08:14 PAGE 5   

   IDATA SIZE       =   ----    ----
   BIT SIZE         =   ----    ----
   EDATA SIZE       =   ----    ----
   HDATA SIZE       =   ----    ----
   XDATA CONST SIZE =   ----    ----
   FAR CONST SIZE   =   ----    ----
END OF MODULE INFORMATION.


C51 COMPILATION COMPLETE.  0 WARNING(S),  0 ERROR(S)
